\BOOKMARK [1][]{section.1}{\376\377\000I\000n\000t\000r\000o\000d\000u\000c\000t\000i\000o\000n}{}% 1
\BOOKMARK [1][]{section.2}{\376\377\000B\000a\000c\000k\000g\000r\000o\000u\000n\000d\000\040\000a\000n\000d\000\040\000R\000e\000l\000a\000t\000e\000d\000\040\000W\000o\000r\000k}{}% 2
\BOOKMARK [2][]{subsection.2.1}{\376\377\000L\000L\000M\000s\000\040\000a\000s\000\040\000A\000s\000s\000i\000s\000t\000i\000v\000e\000\040\000T\000e\000c\000h\000n\000o\000l\000o\000g\000y\000\040\000f\000o\000r\000\040\000D\000y\000s\000l\000e\000x\000i\000a\000\040\000a\000n\000d\000\040\000A\000D\000H\000D}{section.2}% 3
\BOOKMARK [2][]{subsection.2.2}{\376\377\000T\000h\000e\000\040\000W\000a\000r\000m\000t\000h\000-\000A\000c\000c\000u\000r\000a\000c\000y\000\040\000T\000r\000a\000d\000e\000-\000O\000f\000f\000\040\000a\000n\000d\000\040\000A\000c\000c\000e\000s\000s\000i\000b\000i\000l\000i\000t\000y\000-\000D\000r\000i\000v\000e\000n\000\040\000E\000r\000r\000o\000r}{section.2}% 4
\BOOKMARK [2][]{subsection.2.3}{\376\377\000T\000e\000x\000t\000\040\000S\000i\000m\000p\000l\000i\000f\000i\000c\000a\000t\000i\000o\000n\000:\000\040\000P\000e\000d\000a\000g\000o\000g\000i\000c\000a\000l\000\040\000B\000e\000n\000e\000f\000i\000t\000s\000\040\000a\000n\000d\000\040\000T\000e\000c\000h\000n\000i\000c\000a\000l\000\040\000R\000i\000s\000k\000s}{section.2}% 5
\BOOKMARK [2][]{subsection.2.4}{\376\377\000M\000i\000s\000c\000o\000n\000c\000e\000p\000t\000i\000o\000n\000s\000\040\000i\000n\000\040\000C\000o\000m\000p\000u\000t\000e\000r\000\040\000S\000c\000i\000e\000n\000c\000e\000\040\000E\000d\000u\000c\000a\000t\000i\000o\000n}{section.2}% 6
\BOOKMARK [2][]{subsection.2.5}{\376\377\000T\000h\000e\000\040\000A\000c\000c\000e\000s\000s\000i\000b\000i\000l\000i\000t\000y\000\040\000P\000a\000r\000a\000d\000o\000x\000:\000\040\000A\000\040\000F\000o\000r\000m\000a\000l\000\040\000H\000y\000p\000o\000t\000h\000e\000s\000i\000s}{section.2}% 7
\BOOKMARK [1][]{section.3}{\376\377\000M\000a\000t\000e\000r\000i\000a\000l\000s\000\040\000a\000n\000d\000\040\000M\000e\000t\000h\000o\000d\000s}{}% 8
\BOOKMARK [2][]{subsection.3.1}{\376\377\000B\000e\000n\000c\000h\000m\000a\000r\000k\000\040\000D\000e\000s\000i\000g\000n\000\040\000O\000v\000e\000r\000v\000i\000e\000w}{section.3}% 9
\BOOKMARK [2][]{subsection.3.2}{\376\377\000C\000o\000n\000c\000e\000p\000t\000\040\000S\000e\000l\000e\000c\000t\000i\000o\000n}{section.3}% 10
\BOOKMARK [2][]{subsection.3.3}{\376\377\000M\000o\000d\000e\000l\000\040\000S\000e\000l\000e\000c\000t\000i\000o\000n}{section.3}% 11
\BOOKMARK [2][]{subsection.3.4}{\376\377\000P\000r\000o\000m\000p\000t\000\040\000E\000n\000g\000i\000n\000e\000e\000r\000i\000n\000g\000\040\000a\000n\000d\000\040\000C\000o\000n\000d\000i\000t\000i\000o\000n\000\040\000D\000e\000s\000i\000g\000n}{section.3}% 12
\BOOKMARK [3][]{subsubsection.3.4.1}{\376\377\000C\000o\000n\000d\000i\000t\000i\000o\000n\000\040\000A\000:\000\040\000S\000t\000a\000n\000d\000a\000r\000d\000\040\000E\000x\000p\000l\000a\000n\000a\000t\000i\000o\000n\000\040\000\050\000B\000a\000s\000e\000l\000i\000n\000e\000\051}{subsection.3.4}% 13
\BOOKMARK [3][]{subsubsection.3.4.2}{\376\377\000C\000o\000n\000d\000i\000t\000i\000o\000n\000\040\000B\000:\000\040\000S\000i\000m\000p\000l\000i\000f\000i\000e\000d\000\040\000E\000x\000p\000l\000a\000n\000a\000t\000i\000o\000n\000\040\000\050\000R\000e\000a\000d\000i\000n\000g\000\040\000D\000i\000f\000f\000i\000c\000u\000l\000t\000i\000e\000s\000\051}{subsection.3.4}% 14
\BOOKMARK [3][]{subsubsection.3.4.3}{\376\377\000C\000o\000n\000d\000i\000t\000i\000o\000n\000\040\000C\000:\000\040\000H\000i\000g\000h\000l\000y\000\040\000S\000i\000m\000p\000l\000i\000f\000i\000e\000d\000\040\000E\000x\000p\000l\000a\000n\000a\000t\000i\000o\000n\000\040\000\050\000A\000t\000t\000e\000n\000t\000i\000o\000n\000\040\000D\000i\000f\000f\000i\000c\000u\000l\000t\000i\000e\000s\000\051}{subsection.3.4}% 15
\BOOKMARK [2][]{subsection.3.5}{\376\377\000D\000a\000t\000a\000\040\000G\000e\000n\000e\000r\000a\000t\000i\000o\000n\000\040\000P\000r\000o\000c\000e\000d\000u\000r\000e}{section.3}% 16
\BOOKMARK [3][]{subsubsection.3.5.1}{\376\377\000I\000n\000p\000u\000t\000\040\000F\000o\000r\000m\000a\000t}{subsection.3.5}% 17
\BOOKMARK [3][]{subsubsection.3.5.2}{\376\377\000G\000e\000n\000e\000r\000a\000t\000i\000o\000n\000\040\000L\000o\000o\000p}{subsection.3.5}% 18
\BOOKMARK [3][]{subsubsection.3.5.3}{\376\377\000O\000u\000t\000p\000u\000t\000\040\000F\000o\000r\000m\000a\000t}{subsection.3.5}% 19
\BOOKMARK [2][]{subsection.3.6}{\376\377\000E\000v\000a\000l\000u\000a\000t\000i\000o\000n\000\040\000F\000r\000a\000m\000e\000w\000o\000r\000k}{section.3}% 20
\BOOKMARK [3][]{subsubsection.3.6.1}{\376\377\000J\000u\000d\000g\000e\000\040\000M\000o\000d\000e\000l\000\040\000S\000e\000l\000e\000c\000t\000i\000o\000n}{subsection.3.6}% 21
\BOOKMARK [3][]{subsubsection.3.6.2}{\376\377\000E\000r\000r\000o\000r\000\040\000T\000a\000x\000o\000n\000o\000m\000y}{subsection.3.6}% 22
\BOOKMARK [3][]{subsubsection.3.6.3}{\376\377\000E\000v\000a\000l\000u\000a\000t\000i\000o\000n\000\040\000P\000r\000o\000c\000e\000d\000u\000r\000e}{subsection.3.6}% 23
\BOOKMARK [2][]{subsection.3.7}{\376\377\000R\000e\000a\000d\000a\000b\000i\000l\000i\000t\000y\000\040\000M\000e\000t\000r\000i\000c\000s}{section.3}% 24
\BOOKMARK [2][]{subsection.3.8}{\376\377\000S\000t\000a\000t\000i\000s\000t\000i\000c\000a\000l\000\040\000A\000n\000a\000l\000y\000s\000i\000s\000\040\000P\000l\000a\000n}{section.3}% 25
\BOOKMARK [3][]{subsubsection.3.8.1}{\376\377\000P\000r\000i\000m\000a\000r\000y\000\040\000H\000y\000p\000o\000t\000h\000e\000s\000i\000s\000\040\000T\000e\000s\000t\000i\000n\000g}{subsection.3.8}% 26
\BOOKMARK [3][]{subsubsection.3.8.2}{\376\377\000S\000e\000c\000o\000n\000d\000a\000r\000y\000\040\000A\000n\000a\000l\000y\000s\000e\000s}{subsection.3.8}% 27
\BOOKMARK [3][]{subsubsection.3.8.3}{\376\377\000E\000f\000f\000e\000c\000t\000\040\000S\000i\000z\000e\000s}{subsection.3.8}% 28
\BOOKMARK [2][]{subsection.3.9}{\376\377\000R\000e\000p\000r\000o\000d\000u\000c\000i\000b\000i\000l\000i\000t\000y}{section.3}% 29
\BOOKMARK [1][]{section.4}{\376\377\000R\000e\000s\000u\000l\000t\000s}{}% 30
\BOOKMARK [2][]{subsection.4.1}{\376\377\000R\000e\000a\000d\000a\000b\000i\000l\000i\000t\000y\000\040\000M\000e\000t\000r\000i\000c\000s}{section.4}% 31
\BOOKMARK [2][]{subsection.4.2}{\376\377\000S\000t\000r\000a\000t\000e\000g\000i\000c\000\040\000M\000i\000s\000c\000o\000n\000c\000e\000p\000t\000i\000o\000n\000\040\000R\000a\000t\000e\000\040\000\050\000S\000M\000R\000\051}{section.4}% 32
\BOOKMARK [2][]{subsection.4.3}{\376\377\000D\000a\000n\000g\000e\000r\000o\000u\000s\000\040\000A\000n\000a\000l\000o\000g\000y\000\040\000R\000a\000t\000e\000\040\000\050\000D\000A\000R\000\051}{section.4}% 33
\BOOKMARK [2][]{subsection.4.4}{\376\377\000O\000v\000e\000r\000s\000i\000m\000p\000l\000i\000f\000i\000c\000a\000t\000i\000o\000n\000\040\000E\000r\000r\000o\000r\000\040\000R\000a\000t\000e\000\040\000\050\000O\000E\000R\000\051}{section.4}% 34
\BOOKMARK [2][]{subsection.4.5}{\376\377\000A\000c\000c\000u\000r\000a\000c\000y\000\040\000S\000c\000o\000r\000e\000s}{section.4}% 35
\BOOKMARK [2][]{subsection.4.6}{\376\377\000S\000u\000b\000f\000i\000e\000l\000d\000\040\000A\000n\000a\000l\000y\000s\000i\000s}{section.4}% 36
\BOOKMARK [2][]{subsection.4.7}{\376\377\000M\000o\000d\000e\000l\000\040\000C\000o\000m\000p\000a\000r\000i\000s\000o\000n}{section.4}% 37
\BOOKMARK [2][]{subsection.4.8}{\376\377\000S\000u\000m\000m\000a\000r\000y\000\040\000o\000f\000\040\000F\000i\000n\000d\000i\000n\000g\000s}{section.4}% 38
\BOOKMARK [1][]{section.5}{\376\377\000D\000i\000s\000c\000u\000s\000s\000i\000o\000n}{}% 39
\BOOKMARK [2][]{subsection.5.1}{\376\377\000T\000h\000e\000\040\000A\000c\000c\000e\000s\000s\000i\000b\000i\000l\000i\000t\000y\000\040\000P\000a\000r\000a\000d\000o\000x\000\040\000C\000o\000n\000f\000i\000r\000m\000e\000d}{section.5}% 40
\BOOKMARK [2][]{subsection.5.2}{\376\377\000W\000h\000y\000\040\000V\000u\000l\000n\000e\000r\000a\000b\000l\000e\000\040\000L\000e\000a\000r\000n\000e\000r\000s\000\040\000A\000r\000e\000\040\000D\000i\000s\000p\000r\000o\000p\000o\000r\000t\000i\000o\000n\000a\000t\000e\000l\000y\000\040\000a\000t\000\040\000R\000i\000s\000k}{section.5}% 41
\BOOKMARK [2][]{subsection.5.3}{\376\377\000T\000h\000e\000\040\000S\000y\000s\000t\000e\000m\000a\000t\000i\000c\000\040\000N\000a\000t\000u\000r\000e\000\040\000o\000f\000\040\000O\000v\000e\000r\000s\000i\000m\000p\000l\000i\000f\000i\000c\000a\000t\000i\000o\000n\000\040\000E\000r\000r\000o\000r\000s}{section.5}% 42
\BOOKMARK [2][]{subsection.5.4}{\376\377\000I\000m\000p\000l\000i\000c\000a\000t\000i\000o\000n\000s\000\040\000f\000o\000r\000\040\000A\000I\000\040\000S\000a\000f\000e\000t\000y\000\040\000i\000n\000\040\000E\000d\000u\000c\000a\000t\000i\000o\000n}{section.5}% 43
\BOOKMARK [1][]{section.6}{\376\377\000D\000e\000s\000i\000g\000n\000\040\000P\000r\000i\000n\000c\000i\000p\000l\000e\000s\000\040\000f\000o\000r\000\040\000A\000c\000c\000e\000s\000s\000i\000b\000l\000e\000\040\000A\000I\000\040\000T\000u\000t\000o\000r\000i\000n\000g\000\040\000I\000n\000t\000e\000r\000f\000a\000c\000e\000s}{}% 44
\BOOKMARK [2][]{subsection.6.1}{\376\377\000P\000r\000i\000n\000c\000i\000p\000l\000e\000\040\0001\000:\000\040\000V\000i\000s\000u\000a\000l\000\040\000U\000n\000c\000e\000r\000t\000a\000i\000n\000t\000y\000\040\000S\000i\000g\000n\000a\000l\000l\000i\000n\000g}{section.6}% 45
\BOOKMARK [2][]{subsection.6.2}{\376\377\000P\000r\000i\000n\000c\000i\000p\000l\000e\000\040\0002\000:\000\040\000A\000n\000a\000l\000o\000g\000y\000\040\000S\000t\000a\000t\000u\000s\000\040\000T\000a\000g\000g\000i\000n\000g}{section.6}% 46
\BOOKMARK [2][]{subsection.6.3}{\376\377\000P\000r\000i\000n\000c\000i\000p\000l\000e\000\040\0003\000:\000\040\000A\000c\000c\000e\000s\000s\000i\000b\000i\000l\000i\000t\000y\000-\000F\000i\000r\000s\000t\000\040\000W\000i\000t\000h\000o\000u\000t\000\040\000T\000e\000x\000t\000-\000B\000a\000s\000e\000d\000\040\000D\000i\000s\000c\000l\000a\000i\000m\000e\000r\000s}{section.6}% 47
\BOOKMARK [1][]{section.7}{\376\377\000L\000i\000m\000i\000t\000a\000t\000i\000o\000n\000s}{}% 48
\BOOKMARK [2][]{subsection.7.1}{\376\377\000G\000e\000n\000e\000r\000a\000l\000i\000s\000a\000t\000i\000o\000n\000\040\000t\000o\000\040\000O\000t\000h\000e\000r\000\040\000P\000o\000p\000u\000l\000a\000t\000i\000o\000n\000s}{section.7}% 49
\BOOKMARK [2][]{subsection.7.2}{\376\377\000G\000e\000n\000e\000r\000a\000l\000i\000s\000a\000t\000i\000o\000n\000\040\000t\000o\000\040\000O\000t\000h\000e\000r\000\040\000D\000o\000m\000a\000i\000n\000s}{section.7}% 50
\BOOKMARK [2][]{subsection.7.3}{\376\377\000G\000e\000n\000e\000r\000a\000l\000i\000s\000a\000t\000i\000o\000n\000\040\000t\000o\000\040\000O\000t\000h\000e\000r\000\040\000M\000o\000d\000e\000l\000s}{section.7}% 51
\BOOKMARK [2][]{subsection.7.4}{\376\377\000C\000a\000u\000s\000a\000l\000\040\000I\000n\000t\000e\000r\000p\000r\000e\000t\000a\000t\000i\000o\000n\000\040\000o\000f\000\040\000O\000v\000e\000r\000s\000i\000m\000p\000l\000i\000f\000i\000c\000a\000t\000i\000o\000n\000\040\000E\000r\000r\000o\000r\000s}{section.7}% 52
\BOOKMARK [2][]{subsection.7.5}{\376\377\000L\000L\000M\000-\000a\000s\000-\000J\000u\000d\000g\000e\000\040\000V\000a\000l\000i\000d\000a\000t\000i\000o\000n}{section.7}% 53
\BOOKMARK [2][]{subsection.7.6}{\376\377\000P\000a\000r\000s\000i\000n\000g\000\040\000F\000a\000i\000l\000u\000r\000e\000s}{section.7}% 54
\BOOKMARK [1][]{section.8}{\376\377\000C\000o\000n\000c\000l\000u\000s\000i\000o\000n\000s}{}% 55
\BOOKMARK [1][]{appendix.A}{\376\377\000A\000p\000p\000e\000n\000d\000i\000x\000\040\000A}{}% 56
\BOOKMARK [1][]{appendix.B}{\376\377\000A\000p\000p\000e\000n\000d\000i\000x\000\040\000B}{}% 57
\BOOKMARK [1][]{appendix.C}{\376\377\000A\000p\000p\000e\000n\000d\000i\000x\000\040\000C}{}% 58
\BOOKMARK [1][]{appendix.D}{\376\377\000A\000p\000p\000e\000n\000d\000i\000x\000\040\000D}{}% 59
\BOOKMARK [1][]{appendix.E}{\376\377\000R\000e\000f\000e\000r\000e\000n\000c\000e\000s}{}% 60
